[backblue.gif]
[fade.gif]
[index.html]
[studiopixel.jp/amechoga/thumb-twtr1.png]
[studiopixel.jp/amechoga/Title.png]
[studiopixel.jp/amechoga/thumb0100.png]
[studiopixel.jp/amechoga/thumb0500.png]
[studiopixel.jp/amechoga/thumb0800.png]
[studiopixel.jp/amechoga/thumb1400.png]
[studiopixel.jp/amechoga/thumb1700.png]
[studiopixel.jp/amechoga/thumb1900.png]
[studiopixel.jp/amechoga/thumb2200.png]
[studiopixel.jp/amechoga/index.html]
[studiopixel.jp/amechoga/style.css]
[studiopixel.jp/amechoga/btn-prev-gr.png]
[studiopixel.jp/amechoga/btn-thumbs.png]
[studiopixel.jp/amechoga/btn-next.png]
[studiopixel.jp/amechoga/comic0100.png]
[studiopixel.jp/amechoga/comic0200.png]
[studiopixel.jp/amechoga/comic0300.png]
[studiopixel.jp/amechoga/comic0400.png]
[studiopixel.jp/amechoga/comic0410.png]
[studiopixel.jp/amechoga/comic0100.html]
[studiopixel.jp/amechoga/btn-prev.png]
[studiopixel.jp/amechoga/comic0500.png]
[studiopixel.jp/amechoga/comic0600.png]
[studiopixel.jp/amechoga/comic0610.png]
[studiopixel.jp/amechoga/comic0700.png]
[studiopixel.jp/amechoga/comic0710.png]
[studiopixel.jp/amechoga/comic0500.html]
[studiopixel.jp/amechoga/comic0800.png]
[studiopixel.jp/amechoga/comic0810.png]
[studiopixel.jp/amechoga/comic0900.png]
[studiopixel.jp/amechoga/comic0910.png]
[studiopixel.jp/amechoga/comic1000.png]
[studiopixel.jp/amechoga/comic1010.png]
[studiopixel.jp/amechoga/comic1100.png]
[studiopixel.jp/amechoga/comic1110.png]
[studiopixel.jp/amechoga/comic1200.png]
[studiopixel.jp/amechoga/comic1210.png]
[studiopixel.jp/amechoga/comic1300.png]
[studiopixel.jp/amechoga/comic1310.png]
[studiopixel.jp/amechoga/comic0800.html]
[studiopixel.jp/amechoga/comic1400.png]
[studiopixel.jp/amechoga/comic1410.png]
[studiopixel.jp/amechoga/comic1500.png]
[studiopixel.jp/amechoga/comic1510.png]
[studiopixel.jp/amechoga/comic1600.png]
[studiopixel.jp/amechoga/comic1610.png]
[studiopixel.jp/amechoga/comic1400.html]
[studiopixel.jp/amechoga/comic1700.png]
[studiopixel.jp/amechoga/comic1710.png]
[studiopixel.jp/amechoga/comic1800.png]
[studiopixel.jp/amechoga/comic1810.png]
[studiopixel.jp/amechoga/comic1700.html]
[studiopixel.jp/amechoga/comic1900.png]
[studiopixel.jp/amechoga/comic1910.png]
[studiopixel.jp/amechoga/comic2000.png]
[studiopixel.jp/amechoga/comic2010.png]
[studiopixel.jp/amechoga/comic2100.png]
[studiopixel.jp/amechoga/comic2110.png]
[studiopixel.jp/amechoga/comic1900.html]
[studiopixel.jp/amechoga/btn-next-gr.png]
[studiopixel.jp/amechoga/comic2200.png]
[studiopixel.jp/amechoga/comic2210.png]
[studiopixel.jp/amechoga/comic2300.png]
[studiopixel.jp/amechoga/comic2310.png]
[studiopixel.jp/amechoga/comic2350.png]
[studiopixel.jp/amechoga/comic2400.png]
[studiopixel.jp/amechoga/comic2410.png]
[studiopixel.jp/amechoga/comic2450.png]
[studiopixel.jp/amechoga/comic2500.png]
[studiopixel.jp/amechoga/comic2510.png]
[studiopixel.jp/amechoga/comic2550.png]
[studiopixel.jp/amechoga/comic2600.png]
[studiopixel.jp/amechoga/comic2610.png]
[studiopixel.jp/amechoga/comic2700.png]
[studiopixel.jp/amechoga/comic2710.png]
[studiopixel.jp/amechoga/comic2800.png]
[studiopixel.jp/amechoga/comic2810.png]
[studiopixel.jp/amechoga/comic2200.html]
[studiopixel.jp/amechoga/img/questionnaire_s.html]
[studiopixel.jp/amechoga/index-2.html]
